Error[201]: tests/parser/error/definition_many_error.st:1:5
1 | def 2 := 3
        ^ Expected identifier

Error[204]: tests/parser/error/definition_many_error.st:6:10
6 | def b := _
             ^ Expected not allowed to use wildcard '_' as an expression

Error[201]: tests/parser/error/definition_many_error.st:8:10
8 | def c := 6bob
             ^ Expected expression
