Error[201]: tests/parser/error/type_is_expression.st:1:11
1 | type N := 1
              ^ Expected type
