Error[201]: tests/parser/error/wrong_def.st:1:1
1 | a := 3
    ^^^^^^ Expected definition.
